[31mfailed to load config from C:\Users\ASUS\Desktop\SRBlogs\admin\vite.config.ts[39m
[31merror when starting dev server:
Error: Build failed with 1 error:

[plugin externalize-deps]
Error: spawn EPERM
    at ChildProcess.spawn (node:internal/child_process:441:11)
    at spawn (node:child_process:796:9)
    at Object.execFile (node:child_process:349:17)
    at exec (node:child_process:236:25)
    at optimizeSafeRealPathSync (file:///C:/Users/ASUS/Desktop/SRBlogs/admin/node_modules/vite/dist/node/chunks/node.js:1951:2)
    at windowsSafeRealPathSync (file:///C:/Users/ASUS/Desktop/SRBlogs/admin/node_modules/vite/dist/node/chunks/node.js:1937:3)
    at getRealPath (file:///C:/Users/ASUS/Desktop/SRBlogs/admin/node_modules/vite/dist/node/chunks/node.js:32452:36)
    at tryResolveRealFileOrType (file:///C:/Users/ASUS/Desktop/SRBlogs/admin/node_modules/vite/dist/node/chunks/node.js:32446:9)
    at tryCleanFsResolve (file:///C:/Users/ASUS/Desktop/SRBlogs/admin/node_modules/vite/dist/node/chunks/node.js:32195:21)
    at tryFsResolve (file:///C:/Users/ASUS/Desktop/SRBlogs/admin/node_modules/vite/dist/node/chunks/node.js:32188:14)
    at aggregateBindingErrorsIntoJsError (file:///C:/Users/ASUS/Desktop/SRBlogs/admin/node_modules/rolldown/dist/shared/error-DL-e8-oE.mjs:48:18)
    at unwrapBindingResult (file:///C:/Users/ASUS/Desktop/SRBlogs/admin/node_modules/rolldown/dist/shared/error-DL-e8-oE.mjs:18:128)
    at #build (file:///C:/Users/ASUS/Desktop/SRBlogs/admin/node_modules/rolldown/dist/shared/rolldown-build-DSxL8qiP.mjs:3317:34)
    at async bundleConfigFile (file:///C:/Users/ASUS/Desktop/SRBlogs/admin/node_modules/vite/dist/node/chunks/node.js:34722:17)
    at async bundleAndLoadConfigFile (file:///C:/Users/ASUS/Desktop/SRBlogs/admin/node_modules/vite/dist/node/chunks/node.js:34630:18)
    at async loadConfigFromFile (file:///C:/Users/ASUS/Desktop/SRBlogs/admin/node_modules/vite/dist/node/chunks/node.js:34599:42)
    at async resolveConfig (file:///C:/Users/ASUS/Desktop/SRBlogs/admin/node_modules/vite/dist/node/chunks/node.js:34223:22)
    at async _createServer (file:///C:/Users/ASUS/Desktop/SRBlogs/admin/node_modules/vite/dist/node/chunks/node.js:26029:65)
    at async CAC.<anonymous> (file:///C:/Users/ASUS/Desktop/SRBlogs/admin/node_modules/vite/dist/node/cli.js:709:18) {
  errors: [Getter/Setter]
}[39m
