{"id": "8b6eb05511da496c84c12e7b37a7ddb5", "time": "2026-05-02T21:49:26", "actor": "admin", "action": "auth.login", "resource": "auth", "target": "admin", "result": "success", "message": "Login success", "ip": "testclient", "detail": {}}
{"id": "1589e3b5c00649d98b69210c93dc5e82", "time": "2026-05-02T21:49:27", "actor": "admin", "action": "backup.create", "resource": "backups", "target": "20260502214926863524.zip", "result": "success", "message": "Manual backup created", "ip": "testclient", "detail": {"size": 23698}}
{"id": "3d2d38447f424d33abdf90ba65a2a0a4", "time": "2026-05-02T21:49:27", "actor": "admin", "action": "backup.download", "resource": "backups", "target": "20260502214926863524.zip", "result": "success", "message": "Backup downloaded", "ip": "", "detail": {}}
{"id": "a64b669e3f464738b67de56bfababa4b", "time": "2026-05-02T21:49:27", "actor": "admin", "action": "backup.restore", "resource": "backups", "target": "20260502214926863524.zip", "result": "success", "message": "Backup restored", "ip": "testclient", "detail": {"ok": true, "restored": "20260502214926863524.zip", "preRestoreBackup": "pre-restore-20260502214927059107.zip"}}
{"id": "f88cbc7edfaa4d47bc8bed2aebb2de21", "time": "2026-05-02T21:49:27", "actor": "Audit QA", "action": "comment.create", "resource": "posts", "target": "vue-fastapi-blog", "result": "success", "message": "Comment created", "ip": "", "detail": {"commentId": "889de680b71b422ca0750871192edc96"}}
{"id": "38b7857cf5bd49538e3cde88fc0645f5", "time": "2026-05-02T21:49:27", "actor": "admin", "action": "comment.delete", "resource": "posts", "target": "vue-fastapi-blog", "result": "success", "message": "Comment deleted", "ip": "", "detail": {"commentId": "889de680b71b422ca0750871192edc96"}}
{"id": "eeb0484c2373430a88d2857fadb41255", "time": "2026-05-02T21:49:37", "actor": "admin", "action": "auth.login", "resource": "auth", "target": "admin", "result": "success", "message": "Login success", "ip": "testclient", "detail": {}}
{"id": "a3e9a073487c4f21ad3cecf4ed5c2245", "time": "2026-05-02T21:49:37", "actor": "admin", "action": "backup.download", "resource": "backups", "target": "..evil.zip", "result": "failed", "message": "Invalid backup name", "ip": "", "detail": {}}
{"id": "c7880bef77e047728ab04202d0263ebb", "time": "2026-05-02T21:49:37", "actor": "admin", "action": "backup.download", "resource": "backups", "target": "..evil.zip", "result": "failed", "message": "Invalid backup name", "ip": "", "detail": {}}
{"id": "ee70e4a7d5c54fecba9c46a5b15614f0", "time": "2026-05-02T21:49:37", "actor": "admin", "action": "backup.download", "resource": "backups", "target": "not-a-zip", "result": "failed", "message": "Invalid backup name", "ip": "", "detail": {}}
{"id": "1cd39808209648ceac184431122e5d2d", "time": "2026-05-02T21:52:03", "actor": "admin", "action": "auth.login", "resource": "auth", "target": "admin", "result": "success", "message": "Login success", "ip": "testclient", "detail": {}}
{"id": "a8199c1cdadb488d9d620a01c39a2c23", "time": "2026-05-02T21:52:03", "actor": "admin", "action": "backup.create", "resource": "backups", "target": "20260502215203745663.zip", "result": "success", "message": "Manual backup created", "ip": "testclient", "detail": {"size": 24230}}
{"id": "cecd21c1e56240f29d21a53431004e03", "time": "2026-05-02T21:52:03", "actor": "admin", "action": "backup.download", "resource": "backups", "target": "20260502215203745663.zip", "result": "success", "message": "Backup downloaded", "ip": "", "detail": {}}
{"id": "881c74084973452ca78d6f85f3c74bf8", "time": "2026-05-02T21:52:03", "actor": "admin", "action": "data.export", "resource": "backups", "target": "export-20260502215203920290.zip", "result": "success", "message": "Data exported", "ip": "", "detail": {}}
{"id": "d219635c13054e768351d0d5968fb02a", "time": "2026-05-02T21:52:04", "actor": "admin", "action": "backup.restore", "resource": "backups", "target": "20260502215203745663.zip", "result": "success", "message": "Backup restored", "ip": "testclient", "detail": {"ok": true, "restored": "20260502215203745663.zip", "preRestoreBackup": "pre-restore-20260502215203956651.zip"}}
{"id": "51695ccbfc014c5da45394ebe2ea2185", "time": "2026-05-02T21:52:04", "actor": "admin", "action": "backup.download", "resource": "backups", "target": "..evil.zip", "result": "failed", "message": "Invalid backup name", "ip": "", "detail": {}}
{"id": "2f44a59a9e9b41559675812a4eb47baa", "time": "2026-05-02T21:52:04", "actor": "admin", "action": "backup.download", "resource": "backups", "target": "not-a-zip", "result": "failed", "message": "Invalid backup name", "ip": "", "detail": {}}
{"id": "bc15db8d2c6c44c0a6f2a8f014cbd258", "time": "2026-05-02T21:52:04", "actor": "admin", "action": "backup.restore", "resource": "backups", "target": "..evil.zip", "result": "failed", "message": "Invalid backup name", "ip": "", "detail": {}}
{"id": "4ef319ac07984b3c9fc98ac4db3c62e3", "time": "2026-05-02T21:52:04", "actor": "admin", "action": "backup.restore", "resource": "backups", "target": "not-a-zip", "result": "failed", "message": "Invalid backup name", "ip": "", "detail": {}}
{"id": "2282eab2e84e4a019dd94066f7c245a0", "time": "2026-05-02T21:52:04", "actor": "Audit QA", "action": "comment.create", "resource": "posts", "target": "vue-fastapi-blog", "result": "success", "message": "Comment created", "ip": "", "detail": {"commentId": "1b347d8a42374e3a96596765a46007fa"}}
{"id": "699d9d9f2c90473da251a81178436fd7", "time": "2026-05-02T21:52:04", "actor": "admin", "action": "comment.delete", "resource": "posts", "target": "vue-fastapi-blog", "result": "success", "message": "Comment deleted", "ip": "", "detail": {"commentId": "1b347d8a42374e3a96596765a46007fa"}}
{"id": "8b6f0723ae8340baae54c853b9a03cda", "time": "2026-05-02T22:04:46", "actor": "admin", "action": "backup.download", "resource": "backups", "target": "pre-restore-20260502215203956651.zip", "result": "success", "message": "Backup downloaded", "ip": "", "detail": {}}
